// Jest Snapshot v1, https://goo.gl/fbAQLP

exports[`Shows Should take a snapshot 1`] = `""`;
